src/components/pages/Motor/MotorForm.tsx(6,1): error TS6133: 'Motor' is declared but its value is never read.
